16:10:24 **** Incremental Build of configuration Debug for project gipo ****
make -j8 all 
arm-none-eabi-size   gipo.elf 
   text	   data	    bss	    dec	    hex	filename
   2564	     32	   1568	   4164	   1044	gipo.elf
Finished building: default.size.stdout
 
16:11:42 **** Incremental Build of configuration Debug for project gipo ****
make -j8 all 
arm-none-eabi-size   gipo.elf 
   text	   data	    bss	    dec	    hex	filename
   2564	     32	   1568	   4164	   1044	gipo.elf
Finished building: default.size.stdout
 
16:12:08 **** Incremental Build of configuration Debug for project gipo ****
make -j8 all 
arm-none-eabi-size   gipo.elf 
   text	   data	    bss	    dec	    hex	filename
   2564	     32	   1568	   4164	   1044	gipo.elf
Finished building: default.size.stdout
 
